c:\users\warre\documents\github\autodock-gpu\autodock-gpu\x64\release\vc143.pdb
c:\users\warre\documents\github\autodock-gpu\autodock-gpu\x64\release\programs.obj
c:\users\warre\documents\github\autodock-gpu\autodock-gpu\x64\release\platforms.obj
c:\users\warre\documents\github\autodock-gpu\autodock-gpu\x64\release\listattributes.obj
c:\users\warre\documents\github\autodock-gpu\autodock-gpu\x64\release\kernels.obj
c:\users\warre\documents\github\autodock-gpu\autodock-gpu\x64\release\importsource.obj
c:\users\warre\documents\github\autodock-gpu\autodock-gpu\x64\release\importbinary.obj
c:\users\warre\documents\github\autodock-gpu\autodock-gpu\x64\release\devices.obj
c:\users\warre\documents\github\autodock-gpu\autodock-gpu\x64\release\contexts.obj
c:\users\warre\documents\github\autodock-gpu\autodock-gpu\x64\release\commandqueues.obj
c:\users\warre\documents\github\autodock-gpu\autodock-gpu\x64\release\bufferobjects.obj
c:\users\warre\documents\github\autodock-gpu\autodock-gpu\x64\release\setup.obj
c:\users\warre\documents\github\autodock-gpu\autodock-gpu\x64\release\processresult.obj
c:\users\warre\documents\github\autodock-gpu\autodock-gpu\x64\release\processligand.obj
c:\users\warre\documents\github\autodock-gpu\autodock-gpu\x64\release\processgrid.obj
c:\users\warre\documents\github\autodock-gpu\autodock-gpu\x64\release\performdocking.obj
c:\users\warre\documents\github\autodock-gpu\autodock-gpu\x64\release\miscellaneous.obj
c:\users\warre\documents\github\autodock-gpu\autodock-gpu\x64\release\main.obj
c:\users\warre\documents\github\autodock-gpu\autodock-gpu\x64\release\getparameters.obj
c:\users\warre\documents\github\autodock-gpu\autodock-gpu\x64\release\calcenergy.obj
c:\users\warre\documents\github\autodock-gpu\bin\autodock-gpu.exe
c:\users\warre\documents\github\autodock-gpu\bin\autodock-gpu.pdb
c:\users\warre\documents\github\autodock-gpu\autodock-gpu\x64\release\autodock-gpu.ipdb
c:\users\warre\documents\github\autodock-gpu\autodock-gpu\x64\release\autodock-gpu.iobj
c:\users\warre\documents\github\autodock-gpu\\bin\autodock-gpu.pdb
c:\users\warre\documents\github\autodock-gpu\autodock-gpu\x64\release\autodock-gpu.tlog\cl.command.1.tlog
c:\users\warre\documents\github\autodock-gpu\autodock-gpu\x64\release\autodock-gpu.tlog\cl.items.tlog
c:\users\warre\documents\github\autodock-gpu\autodock-gpu\x64\release\autodock-gpu.tlog\cl.read.1.tlog
c:\users\warre\documents\github\autodock-gpu\autodock-gpu\x64\release\autodock-gpu.tlog\cl.write.1.tlog
c:\users\warre\documents\github\autodock-gpu\autodock-gpu\x64\release\autodock-gpu.tlog\link.command.1.tlog
c:\users\warre\documents\github\autodock-gpu\autodock-gpu\x64\release\autodock-gpu.tlog\link.read.1.tlog
c:\users\warre\documents\github\autodock-gpu\autodock-gpu\x64\release\autodock-gpu.tlog\link.secondary.1.tlog
c:\users\warre\documents\github\autodock-gpu\autodock-gpu\x64\release\autodock-gpu.tlog\link.write.1.tlog
